

================================================================
== Synthesis Summary Report of 'conv_acc1t'
================================================================
+ General Information: 
    * Date:           Tue Mar  2 17:53:03 2021
    * Version:        2020.2 (Build 3064766 on Wed Nov 18 09:12:47 MST 2020)
    * Project:        conv_acc
    * Solution:       solution1 (Vivado IP Flow Target)
    * Product family: zynquplus
    * Target device:  xczu7ev-ffvc1156-2-e
    

+ Performance & Resource Estimates: 
    
    PS: '+' for module; 'o' for loop; '*' for dataflow
    +---------------+------+-------+---------+-----------+----------+---------+------+----------+------+-------------+---------------+---------------+-----+
    |    Modules    | Issue|       | Latency |  Latency  | Iteration|         | Trip |          |      |             |               |               |     |
    |    & Loops    | Type | Slack | (cycles)|    (ns)   |  Latency | Interval| Count| Pipelined| BRAM |     DSP     |       FF      |      LUT      | URAM|
    +---------------+------+-------+---------+-----------+----------+---------+------+----------+------+-------------+---------------+---------------+-----+
    |+ conv_acc1t   |     -|  -0.19|      163|  1.630e+03|         -|      164|     -|        no|     -|  4608 (266%)|  626785 (136%)|  472837 (205%)|    -|
    | o Output_row  |     -|  -7.30|      161|  1.610e+03|       149|        1|    14|       yes|     -|            -|              -|              -|    -|
    +---------------+------+-------+---------+-----------+----------+---------+------+----------+------+-------------+---------------+---------------+-----+

