

================================================================
== Synthesis Summary Report of 'conv_acc3t'
================================================================
+ General Information: 
    * Date:           Tue Mar  2 22:35:42 2021
    * Version:        2020.2 (Build 3064766 on Wed Nov 18 09:12:47 MST 2020)
    * Project:        conv_acc
    * Solution:       solution3 (Vivado IP Flow Target)
    * Product family: zynquplus
    * Target device:  xczu7ev-ffvc1156-2-e
    

+ Performance & Resource Estimates: 
    
    PS: '+' for module; 'o' for loop; '*' for dataflow
    +--------------------------------------------------+--------+-------+---------+-----------+----------+---------+------+----------+---------+----+------------+-----------+-----+
    |                      Modules                     |  Issue |       | Latency |  Latency  | Iteration|         | Trip |          |         |    |            |           |     |
    |                      & Loops                     |  Type  | Slack | (cycles)|    (ns)   |  Latency | Interval| Count| Pipelined|  BRAM   | DSP|     FF     |    LUT    | URAM|
    +--------------------------------------------------+--------+-------+---------+-----------+----------+---------+------+----------+---------+----+------------+-----------+-----+
    |+ conv_acc3t                                      |  Timing|   0.00|     2089|  2.089e+04|         -|     2090|     -|        no|  10 (1%)|   -|  2750 (~0%)|  2703 (1%)|    -|
    | + grp_process_r_fu_301                           |  Timing|   0.00|     1297|  1.297e+04|         -|     1297|     -|        no|        -|   -|   110 (~0%)|  441 (~0%)|    -|
    |  o INDATA_LOAD_VITIS_LOOP_32_1_VITIS_LOOP_34_2   |       -|  -7.30|     1024|  1.024e+04|         2|        1|  1024|       yes|        -|   -|           -|          -|    -|
    |  o WDATA_LOAD_VITIS_LOOP_55_2_VITIS_LOOP_57_3    |       -|  -7.30|      257|  2.570e+03|         3|        1|   256|       yes|        -|   -|           -|          -|    -|
    | o OUTDATA_WRITE_VITIS_LOOP_77_1_VITIS_LOOP_79_2  |       -|  -7.30|      785|  7.850e+03|         3|        1|   784|       yes|        -|   -|           -|          -|    -|
    +--------------------------------------------------+--------+-------+---------+-----------+----------+---------+------+----------+---------+----+------------+-----------+-----+

