

================================================================
== Synthesis Summary Report of 'conv_acc4t'
================================================================
+ General Information: 
    * Date:           Tue Mar  2 23:26:32 2021
    * Version:        2020.2 (Build 3064766 on Wed Nov 18 09:12:47 MST 2020)
    * Project:        conv_acc
    * Solution:       solution4 (Vivado IP Flow Target)
    * Product family: zynquplus
    * Target device:  xczu7ev-ffvc1156-2-e
    

+ Performance & Resource Estimates: 
    
    PS: '+' for module; 'o' for loop; '*' for dataflow
    +--------------------------------------------------+--------+-------+---------+-----------+----------+---------+------+----------+---------+-----------+--------------+--------------+-----+
    |                      Modules                     |  Issue |       | Latency |  Latency  | Iteration|         | Trip |          |         |           |              |              |     |
    |                      & Loops                     |  Type  | Slack | (cycles)|    (ns)   |  Latency | Interval| Count| Pipelined|  BRAM   |    DSP    |      FF      |      LUT     | URAM|
    +--------------------------------------------------+--------+-------+---------+-----------+----------+---------+------+----------+---------+-----------+--------------+--------------+-----+
    |+ conv_acc4t                                      |  Timing|   0.00|     2567|  2.567e+04|         -|     2568|     -|        no|  22 (3%)|  420 (24%)|  213085 (46%)|  102678 (44%)|    -|
    | + grp_convolution_fu_764                         |  Timing|   0.00|      477|  4.770e+03|         -|      477|     -|        no|        -|  420 (24%)|  210250 (45%)|   98893 (42%)|    -|
    |  o Output_row                                    |      II|  -7.30|      470|  4.700e+03|       159|       24|    14|       yes|        -|          -|             -|             -|    -|
    | o INDATA_LOAD_VITIS_LOOP_26_1_VITIS_LOOP_28_2    |       -|  -7.30|     1025|  1.025e+04|         3|        1|  1024|       yes|        -|          -|             -|             -|    -|
    | o WDATA_LOAD_VITIS_LOOP_42_2_VITIS_LOOP_44_3     |       -|  -7.30|      257|  2.570e+03|         3|        1|   256|       yes|        -|          -|             -|             -|    -|
    | o OUTDATA_WRITE_VITIS_LOOP_57_1_VITIS_LOOP_59_2  |       -|  -7.30|      785|  7.850e+03|         3|        1|   784|       yes|        -|          -|             -|             -|    -|
    +--------------------------------------------------+--------+-------+---------+-----------+----------+---------+------+----------+---------+-----------+--------------+--------------+-----+

